/ros2_ws/src/custom_control_key/install/custom_control_key/lib/python3.10/site-packages/custom_control_key/__init__.py
/ros2_ws/src/custom_control_key/install/custom_control_key/lib/python3.10/site-packages/custom_control_key/imu_node.py
/ros2_ws/src/custom_control_key/install/custom_control_key/lib/python3.10/site-packages/custom_control_key/__pycache__/__init__.cpython-310.pyc
/ros2_ws/src/custom_control_key/install/custom_control_key/lib/python3.10/site-packages/custom_control_key/__pycache__/imu_node.cpython-310.pyc
/ros2_ws/src/custom_control_key/install/custom_control_key/share/ament_index/resource_index/packages/custom_control_key
/ros2_ws/src/custom_control_key/install/custom_control_key/share/custom_control_key/package.xml
/ros2_ws/src/custom_control_key/install/custom_control_key/share/custom_control_key/launch/launch.py
/ros2_ws/src/custom_control_key/install/custom_control_key/share/custom_control_key/worlds/obstacle.world
/ros2_ws/src/custom_control_key/install/custom_control_key/share/custom_control_key/maps/my_saved_map.yaml
/ros2_ws/src/custom_control_key/install/custom_control_key/share/custom_control_key/maps/my_saved_map.pgm
/ros2_ws/src/custom_control_key/install/custom_control_key/share/custom_control_key/maps/my_first_map.pgm
/ros2_ws/src/custom_control_key/install/custom_control_key/share/custom_control_key/maps/my_serialised_map.data
/ros2_ws/src/custom_control_key/install/custom_control_key/share/custom_control_key/maps/my_serialised_map.posegraph
/ros2_ws/src/custom_control_key/install/custom_control_key/share/custom_control_key/urdf/robot.urdf
/ros2_ws/src/custom_control_key/install/custom_control_key/share/custom_control_key/urdf/robot_withoutlidarplugin.urdf
/ros2_ws/src/custom_control_key/install/custom_control_key/share/custom_control_key/urdf/twist_mux.yaml
/ros2_ws/src/custom_control_key/install/custom_control_key/share/custom_control_key/urdf/amcl.yaml
/ros2_ws/src/custom_control_key/install/custom_control_key/share/custom_control_key/urdf/slam1.yaml
/ros2_ws/src/custom_control_key/install/custom_control_key/share/custom_control_key/urdf/ekf.yaml
/ros2_ws/src/custom_control_key/install/custom_control_key/share/custom_control_key/urdf/my_first_map.yaml
/ros2_ws/src/custom_control_key/install/custom_control_key/share/custom_control_key/urdf/slam.yaml
/ros2_ws/src/custom_control_key/install/custom_control_key/share/custom_control_key/urdf/local_costmap_params.yaml
/ros2_ws/src/custom_control_key/install/custom_control_key/share/custom_control_key/urdf/ydlidar_ros2_driver_node_.yaml
/ros2_ws/src/custom_control_key/install/custom_control_key/share/custom_control_key/urdf/global_costmap_params.yaml
/ros2_ws/src/custom_control_key/install/custom_control_key/lib/python3.10/site-packages/custom_control_key-0.0.0-py3.10.egg-info/dependency_links.txt
/ros2_ws/src/custom_control_key/install/custom_control_key/lib/python3.10/site-packages/custom_control_key-0.0.0-py3.10.egg-info/entry_points.txt
/ros2_ws/src/custom_control_key/install/custom_control_key/lib/python3.10/site-packages/custom_control_key-0.0.0-py3.10.egg-info/SOURCES.txt
/ros2_ws/src/custom_control_key/install/custom_control_key/lib/python3.10/site-packages/custom_control_key-0.0.0-py3.10.egg-info/zip-safe
/ros2_ws/src/custom_control_key/install/custom_control_key/lib/python3.10/site-packages/custom_control_key-0.0.0-py3.10.egg-info/top_level.txt
/ros2_ws/src/custom_control_key/install/custom_control_key/lib/python3.10/site-packages/custom_control_key-0.0.0-py3.10.egg-info/PKG-INFO
/ros2_ws/src/custom_control_key/install/custom_control_key/lib/python3.10/site-packages/custom_control_key-0.0.0-py3.10.egg-info/requires.txt
/ros2_ws/src/custom_control_key/install/custom_control_key/lib/custom_control_key/imu_node
