[0.751s] Invoking command in '/ros2_ws/src/custom_control_key': PYTHONPATH=/ros2_ws/src/custom_control_key/build/custom_control_key/prefix_override:/usr/lib/python3/dist-packages/colcon_core/task/python/colcon_distutils_commands:/ros2_ws/src/custom_control_key/install/custom_control_key/lib/python3.10/site-packages:${PYTHONPATH} /usr/bin/python3 -W ignore:setup.py install is deprecated -W ignore:easy_install command is deprecated setup.py egg_info --egg-base build/custom_control_key build --build-base /ros2_ws/src/custom_control_key/build/custom_control_key/build install --record /ros2_ws/src/custom_control_key/build/custom_control_key/install.log --single-version-externally-managed install_data
[1.008s] running egg_info
[1.009s] writing build/custom_control_key/custom_control_key.egg-info/PKG-INFO
[1.009s] writing dependency_links to build/custom_control_key/custom_control_key.egg-info/dependency_links.txt
[1.016s] writing entry points to build/custom_control_key/custom_control_key.egg-info/entry_points.txt
[1.016s] writing requirements to build/custom_control_key/custom_control_key.egg-info/requires.txt
[1.017s] writing top-level names to build/custom_control_key/custom_control_key.egg-info/top_level.txt
[1.021s] reading manifest file 'build/custom_control_key/custom_control_key.egg-info/SOURCES.txt'
[1.022s] writing manifest file 'build/custom_control_key/custom_control_key.egg-info/SOURCES.txt'
[1.023s] running build
[1.023s] running build_py
[1.023s] running install
[1.024s] running install_lib
[1.025s] running install_data
[1.026s] running install_egg_info
[1.030s] removing '/ros2_ws/src/custom_control_key/install/custom_control_key/lib/python3.10/site-packages/custom_control_key-0.0.0-py3.10.egg-info' (and everything under it)
[1.031s] Copying build/custom_control_key/custom_control_key.egg-info to /ros2_ws/src/custom_control_key/install/custom_control_key/lib/python3.10/site-packages/custom_control_key-0.0.0-py3.10.egg-info
[1.032s] running install_scripts
[1.062s] writing list of installed files to '/ros2_ws/src/custom_control_key/build/custom_control_key/install.log'
[1.124s] Invoked command in '/ros2_ws/src/custom_control_key' returned '0': PYTHONPATH=/ros2_ws/src/custom_control_key/build/custom_control_key/prefix_override:/usr/lib/python3/dist-packages/colcon_core/task/python/colcon_distutils_commands:/ros2_ws/src/custom_control_key/install/custom_control_key/lib/python3.10/site-packages:${PYTHONPATH} /usr/bin/python3 -W ignore:setup.py install is deprecated -W ignore:easy_install command is deprecated setup.py egg_info --egg-base build/custom_control_key build --build-base /ros2_ws/src/custom_control_key/build/custom_control_key/build install --record /ros2_ws/src/custom_control_key/build/custom_control_key/install.log --single-version-externally-managed install_data
