running egg_info
writing build/custom_control_key/custom_control_key.egg-info/PKG-INFO
writing dependency_links to build/custom_control_key/custom_control_key.egg-info/dependency_links.txt
writing entry points to build/custom_control_key/custom_control_key.egg-info/entry_points.txt
writing requirements to build/custom_control_key/custom_control_key.egg-info/requires.txt
writing top-level names to build/custom_control_key/custom_control_key.egg-info/top_level.txt
reading manifest file 'build/custom_control_key/custom_control_key.egg-info/SOURCES.txt'
writing manifest file 'build/custom_control_key/custom_control_key.egg-info/SOURCES.txt'
running build
running build_py
copying custom_control_key/imu_node.py -> /ros2_ws/src/custom_control_key/build/custom_control_key/build/lib/custom_control_key
running install
running install_lib
copying /ros2_ws/src/custom_control_key/build/custom_control_key/build/lib/custom_control_key/imu_node.py -> /ros2_ws/src/custom_control_key/install/custom_control_key/lib/python3.10/site-packages/custom_control_key
byte-compiling /ros2_ws/src/custom_control_key/install/custom_control_key/lib/python3.10/site-packages/custom_control_key/imu_node.py to imu_node.cpython-310.pyc
running install_data
copying package.xml -> /ros2_ws/src/custom_control_key/install/custom_control_key/share/custom_control_key
running install_egg_info
removing '/ros2_ws/src/custom_control_key/install/custom_control_key/lib/python3.10/site-packages/custom_control_key-0.0.0-py3.10.egg-info' (and everything under it)
Copying build/custom_control_key/custom_control_key.egg-info to /ros2_ws/src/custom_control_key/install/custom_control_key/lib/python3.10/site-packages/custom_control_key-0.0.0-py3.10.egg-info
running install_scripts
Installing imu_node script to /ros2_ws/src/custom_control_key/install/custom_control_key/lib/custom_control_key
writing list of installed files to '/ros2_ws/src/custom_control_key/build/custom_control_key/install.log'
