[0.762s] Invoking command in '/ros2_ws/src/custom_control_key': PYTHONPATH=/ros2_ws/src/custom_control_key/build/custom_control_key/prefix_override:/usr/lib/python3/dist-packages/colcon_core/task/python/colcon_distutils_commands:/ros2_ws/src/custom_control_key/install/custom_control_key/lib/python3.10/site-packages: /usr/bin/python3 -W ignore:setup.py install is deprecated -W ignore:easy_install command is deprecated setup.py egg_info --egg-base build/custom_control_key build --build-base /ros2_ws/src/custom_control_key/build/custom_control_key/build install --record /ros2_ws/src/custom_control_key/build/custom_control_key/install.log --single-version-externally-managed install_data
[0.964s] running egg_info
[0.965s] writing build/custom_control_key/custom_control_key.egg-info/PKG-INFO
[0.971s] writing dependency_links to build/custom_control_key/custom_control_key.egg-info/dependency_links.txt
[0.973s] writing entry points to build/custom_control_key/custom_control_key.egg-info/entry_points.txt
[0.974s] writing requirements to build/custom_control_key/custom_control_key.egg-info/requires.txt
[0.974s] writing top-level names to build/custom_control_key/custom_control_key.egg-info/top_level.txt
[0.979s] reading manifest file 'build/custom_control_key/custom_control_key.egg-info/SOURCES.txt'
[0.981s] writing manifest file 'build/custom_control_key/custom_control_key.egg-info/SOURCES.txt'
[0.981s] running build
[0.981s] running build_py
[0.983s] copying custom_control_key/imu_node.py -> /ros2_ws/src/custom_control_key/build/custom_control_key/build/lib/custom_control_key
[0.983s] running install
[0.984s] running install_lib
[0.985s] copying /ros2_ws/src/custom_control_key/build/custom_control_key/build/lib/custom_control_key/imu_node.py -> /ros2_ws/src/custom_control_key/install/custom_control_key/lib/python3.10/site-packages/custom_control_key
[0.986s] byte-compiling /ros2_ws/src/custom_control_key/install/custom_control_key/lib/python3.10/site-packages/custom_control_key/imu_node.py to imu_node.cpython-310.pyc
[0.987s] running install_data
[0.989s] copying package.xml -> /ros2_ws/src/custom_control_key/install/custom_control_key/share/custom_control_key
[0.991s] running install_egg_info
[0.994s] removing '/ros2_ws/src/custom_control_key/install/custom_control_key/lib/python3.10/site-packages/custom_control_key-0.0.0-py3.10.egg-info' (and everything under it)
[0.995s] Copying build/custom_control_key/custom_control_key.egg-info to /ros2_ws/src/custom_control_key/install/custom_control_key/lib/python3.10/site-packages/custom_control_key-0.0.0-py3.10.egg-info
[0.997s] running install_scripts
[1.026s] Installing imu_node script to /ros2_ws/src/custom_control_key/install/custom_control_key/lib/custom_control_key
[1.026s] writing list of installed files to '/ros2_ws/src/custom_control_key/build/custom_control_key/install.log'
[1.088s] Invoked command in '/ros2_ws/src/custom_control_key' returned '0': PYTHONPATH=/ros2_ws/src/custom_control_key/build/custom_control_key/prefix_override:/usr/lib/python3/dist-packages/colcon_core/task/python/colcon_distutils_commands:/ros2_ws/src/custom_control_key/install/custom_control_key/lib/python3.10/site-packages: /usr/bin/python3 -W ignore:setup.py install is deprecated -W ignore:easy_install command is deprecated setup.py egg_info --egg-base build/custom_control_key build --build-base /ros2_ws/src/custom_control_key/build/custom_control_key/build install --record /ros2_ws/src/custom_control_key/build/custom_control_key/install.log --single-version-externally-managed install_data
