running egg_info
creating build/custom_control_key/custom_control_key.egg-info
writing build/custom_control_key/custom_control_key.egg-info/PKG-INFO
writing dependency_links to build/custom_control_key/custom_control_key.egg-info/dependency_links.txt
writing entry points to build/custom_control_key/custom_control_key.egg-info/entry_points.txt
writing requirements to build/custom_control_key/custom_control_key.egg-info/requires.txt
writing top-level names to build/custom_control_key/custom_control_key.egg-info/top_level.txt
writing manifest file 'build/custom_control_key/custom_control_key.egg-info/SOURCES.txt'
reading manifest file 'build/custom_control_key/custom_control_key.egg-info/SOURCES.txt'
writing manifest file 'build/custom_control_key/custom_control_key.egg-info/SOURCES.txt'
running build
running build_py
creating /ros2_ws/src/custom_control_key/build/custom_control_key/build
creating /ros2_ws/src/custom_control_key/build/custom_control_key/build/lib
creating /ros2_ws/src/custom_control_key/build/custom_control_key/build/lib/custom_control_key
copying custom_control_key/__init__.py -> /ros2_ws/src/custom_control_key/build/custom_control_key/build/lib/custom_control_key
running install
running install_lib
creating /ros2_ws/src/custom_control_key/install/custom_control_key/lib/python3.10/site-packages/custom_control_key
copying /ros2_ws/src/custom_control_key/build/custom_control_key/build/lib/custom_control_key/__init__.py -> /ros2_ws/src/custom_control_key/install/custom_control_key/lib/python3.10/site-packages/custom_control_key
byte-compiling /ros2_ws/src/custom_control_key/install/custom_control_key/lib/python3.10/site-packages/custom_control_key/__init__.py to __init__.cpython-310.pyc
running install_data
creating /ros2_ws/src/custom_control_key/install/custom_control_key/share/ament_index
creating /ros2_ws/src/custom_control_key/install/custom_control_key/share/ament_index/resource_index
creating /ros2_ws/src/custom_control_key/install/custom_control_key/share/ament_index/resource_index/packages
copying resource/custom_control_key -> /ros2_ws/src/custom_control_key/install/custom_control_key/share/ament_index/resource_index/packages
copying package.xml -> /ros2_ws/src/custom_control_key/install/custom_control_key/share/custom_control_key
creating /ros2_ws/src/custom_control_key/install/custom_control_key/share/custom_control_key/launch
copying launch/launch.py -> /ros2_ws/src/custom_control_key/install/custom_control_key/share/custom_control_key/launch
creating /ros2_ws/src/custom_control_key/install/custom_control_key/share/custom_control_key/worlds
copying worlds/obstacle.world -> /ros2_ws/src/custom_control_key/install/custom_control_key/share/custom_control_key/worlds
creating /ros2_ws/src/custom_control_key/install/custom_control_key/share/custom_control_key/maps
copying maps/my_saved_map.yaml -> /ros2_ws/src/custom_control_key/install/custom_control_key/share/custom_control_key/maps
copying maps/my_saved_map.pgm -> /ros2_ws/src/custom_control_key/install/custom_control_key/share/custom_control_key/maps
copying maps/my_first_map.pgm -> /ros2_ws/src/custom_control_key/install/custom_control_key/share/custom_control_key/maps
copying maps/my_serialised_map.data -> /ros2_ws/src/custom_control_key/install/custom_control_key/share/custom_control_key/maps
copying maps/my_serialised_map.posegraph -> /ros2_ws/src/custom_control_key/install/custom_control_key/share/custom_control_key/maps
creating /ros2_ws/src/custom_control_key/install/custom_control_key/share/custom_control_key/urdf
copying urdf/robot.urdf -> /ros2_ws/src/custom_control_key/install/custom_control_key/share/custom_control_key/urdf
copying urdf/robot_withoutlidarplugin.urdf -> /ros2_ws/src/custom_control_key/install/custom_control_key/share/custom_control_key/urdf
copying urdf/twist_mux.yaml -> /ros2_ws/src/custom_control_key/install/custom_control_key/share/custom_control_key/urdf
copying urdf/amcl.yaml -> /ros2_ws/src/custom_control_key/install/custom_control_key/share/custom_control_key/urdf
copying urdf/slam1.yaml -> /ros2_ws/src/custom_control_key/install/custom_control_key/share/custom_control_key/urdf
copying urdf/ekf.yaml -> /ros2_ws/src/custom_control_key/install/custom_control_key/share/custom_control_key/urdf
copying urdf/my_first_map.yaml -> /ros2_ws/src/custom_control_key/install/custom_control_key/share/custom_control_key/urdf
copying urdf/slam.yaml -> /ros2_ws/src/custom_control_key/install/custom_control_key/share/custom_control_key/urdf
copying urdf/local_costmap_params.yaml -> /ros2_ws/src/custom_control_key/install/custom_control_key/share/custom_control_key/urdf
copying urdf/ydlidar_ros2_driver_node_.yaml -> /ros2_ws/src/custom_control_key/install/custom_control_key/share/custom_control_key/urdf
copying urdf/global_costmap_params.yaml -> /ros2_ws/src/custom_control_key/install/custom_control_key/share/custom_control_key/urdf
running install_egg_info
Copying build/custom_control_key/custom_control_key.egg-info to /ros2_ws/src/custom_control_key/install/custom_control_key/lib/python3.10/site-packages/custom_control_key-0.0.0-py3.10.egg-info
running install_scripts
writing list of installed files to '/ros2_ws/src/custom_control_key/build/custom_control_key/install.log'
