[0.853s] Invoking command in '/ros2_ws/src/custom_control_key': PYTHONPATH=/ros2_ws/src/custom_control_key/build/custom_control_key/prefix_override:/usr/lib/python3/dist-packages/colcon_core/task/python/colcon_distutils_commands:/ros2_ws/src/custom_control_key/install/custom_control_key/lib/python3.10/site-packages: /usr/bin/python3 -W ignore:setup.py install is deprecated -W ignore:easy_install command is deprecated setup.py egg_info --egg-base build/custom_control_key build --build-base /ros2_ws/src/custom_control_key/build/custom_control_key/build install --record /ros2_ws/src/custom_control_key/build/custom_control_key/install.log --single-version-externally-managed install_data
[1.048s] running egg_info
[1.049s] creating build/custom_control_key/custom_control_key.egg-info
[1.049s] writing build/custom_control_key/custom_control_key.egg-info/PKG-INFO
[1.050s] writing dependency_links to build/custom_control_key/custom_control_key.egg-info/dependency_links.txt
[1.050s] writing entry points to build/custom_control_key/custom_control_key.egg-info/entry_points.txt
[1.050s] writing requirements to build/custom_control_key/custom_control_key.egg-info/requires.txt
[1.050s] writing top-level names to build/custom_control_key/custom_control_key.egg-info/top_level.txt
[1.050s] writing manifest file 'build/custom_control_key/custom_control_key.egg-info/SOURCES.txt'
[1.059s] reading manifest file 'build/custom_control_key/custom_control_key.egg-info/SOURCES.txt'
[1.061s] writing manifest file 'build/custom_control_key/custom_control_key.egg-info/SOURCES.txt'
[1.061s] running build
[1.061s] running build_py
[1.061s] creating /ros2_ws/src/custom_control_key/build/custom_control_key/build
[1.061s] creating /ros2_ws/src/custom_control_key/build/custom_control_key/build/lib
[1.061s] creating /ros2_ws/src/custom_control_key/build/custom_control_key/build/lib/custom_control_key
[1.061s] copying custom_control_key/__init__.py -> /ros2_ws/src/custom_control_key/build/custom_control_key/build/lib/custom_control_key
[1.062s] running install
[1.062s] running install_lib
[1.063s] creating /ros2_ws/src/custom_control_key/install/custom_control_key/lib/python3.10/site-packages/custom_control_key
[1.063s] copying /ros2_ws/src/custom_control_key/build/custom_control_key/build/lib/custom_control_key/__init__.py -> /ros2_ws/src/custom_control_key/install/custom_control_key/lib/python3.10/site-packages/custom_control_key
[1.064s] byte-compiling /ros2_ws/src/custom_control_key/install/custom_control_key/lib/python3.10/site-packages/custom_control_key/__init__.py to __init__.cpython-310.pyc
[1.064s] running install_data
[1.064s] creating /ros2_ws/src/custom_control_key/install/custom_control_key/share/ament_index
[1.065s] creating /ros2_ws/src/custom_control_key/install/custom_control_key/share/ament_index/resource_index
[1.065s] creating /ros2_ws/src/custom_control_key/install/custom_control_key/share/ament_index/resource_index/packages
[1.065s] copying resource/custom_control_key -> /ros2_ws/src/custom_control_key/install/custom_control_key/share/ament_index/resource_index/packages
[1.065s] copying package.xml -> /ros2_ws/src/custom_control_key/install/custom_control_key/share/custom_control_key
[1.065s] creating /ros2_ws/src/custom_control_key/install/custom_control_key/share/custom_control_key/launch
[1.065s] copying launch/launch.py -> /ros2_ws/src/custom_control_key/install/custom_control_key/share/custom_control_key/launch
[1.066s] creating /ros2_ws/src/custom_control_key/install/custom_control_key/share/custom_control_key/worlds
[1.066s] copying worlds/obstacle.world -> /ros2_ws/src/custom_control_key/install/custom_control_key/share/custom_control_key/worlds
[1.067s] creating /ros2_ws/src/custom_control_key/install/custom_control_key/share/custom_control_key/maps
[1.067s] copying maps/my_saved_map.yaml -> /ros2_ws/src/custom_control_key/install/custom_control_key/share/custom_control_key/maps
[1.067s] copying maps/my_saved_map.pgm -> /ros2_ws/src/custom_control_key/install/custom_control_key/share/custom_control_key/maps
[1.071s] copying maps/my_first_map.pgm -> /ros2_ws/src/custom_control_key/install/custom_control_key/share/custom_control_key/maps
[1.075s] copying maps/my_serialised_map.data -> /ros2_ws/src/custom_control_key/install/custom_control_key/share/custom_control_key/maps
[1.077s] copying maps/my_serialised_map.posegraph -> /ros2_ws/src/custom_control_key/install/custom_control_key/share/custom_control_key/maps
[1.165s] creating /ros2_ws/src/custom_control_key/install/custom_control_key/share/custom_control_key/urdf
[1.165s] copying urdf/robot.urdf -> /ros2_ws/src/custom_control_key/install/custom_control_key/share/custom_control_key/urdf
[1.165s] copying urdf/robot_withoutlidarplugin.urdf -> /ros2_ws/src/custom_control_key/install/custom_control_key/share/custom_control_key/urdf
[1.166s] copying urdf/twist_mux.yaml -> /ros2_ws/src/custom_control_key/install/custom_control_key/share/custom_control_key/urdf
[1.167s] copying urdf/amcl.yaml -> /ros2_ws/src/custom_control_key/install/custom_control_key/share/custom_control_key/urdf
[1.167s] copying urdf/slam1.yaml -> /ros2_ws/src/custom_control_key/install/custom_control_key/share/custom_control_key/urdf
[1.168s] copying urdf/ekf.yaml -> /ros2_ws/src/custom_control_key/install/custom_control_key/share/custom_control_key/urdf
[1.168s] copying urdf/my_first_map.yaml -> /ros2_ws/src/custom_control_key/install/custom_control_key/share/custom_control_key/urdf
[1.169s] copying urdf/slam.yaml -> /ros2_ws/src/custom_control_key/install/custom_control_key/share/custom_control_key/urdf
[1.169s] copying urdf/local_costmap_params.yaml -> /ros2_ws/src/custom_control_key/install/custom_control_key/share/custom_control_key/urdf
[1.170s] copying urdf/ydlidar_ros2_driver_node_.yaml -> /ros2_ws/src/custom_control_key/install/custom_control_key/share/custom_control_key/urdf
[1.170s] copying urdf/global_costmap_params.yaml -> /ros2_ws/src/custom_control_key/install/custom_control_key/share/custom_control_key/urdf
[1.171s] running install_egg_info
[1.174s] Copying build/custom_control_key/custom_control_key.egg-info to /ros2_ws/src/custom_control_key/install/custom_control_key/lib/python3.10/site-packages/custom_control_key-0.0.0-py3.10.egg-info
[1.176s] running install_scripts
[1.206s] writing list of installed files to '/ros2_ws/src/custom_control_key/build/custom_control_key/install.log'
[1.269s] Invoked command in '/ros2_ws/src/custom_control_key' returned '0': PYTHONPATH=/ros2_ws/src/custom_control_key/build/custom_control_key/prefix_override:/usr/lib/python3/dist-packages/colcon_core/task/python/colcon_distutils_commands:/ros2_ws/src/custom_control_key/install/custom_control_key/lib/python3.10/site-packages: /usr/bin/python3 -W ignore:setup.py install is deprecated -W ignore:easy_install command is deprecated setup.py egg_info --egg-base build/custom_control_key build --build-base /ros2_ws/src/custom_control_key/build/custom_control_key/build install --record /ros2_ws/src/custom_control_key/build/custom_control_key/install.log --single-version-externally-managed install_data
