[0.932s] Invoking command in '/ros2_ws/src/custom_control_key': PYTHONPATH=/ros2_ws/src/custom_control_key/build/custom_control_key/prefix_override:/usr/lib/python3/dist-packages/colcon_core/task/python/colcon_distutils_commands:/ros2_ws/src/custom_control_key/install/custom_control_key/lib/python3.10/site-packages:${PYTHONPATH} /usr/bin/python3 -W ignore:setup.py install is deprecated -W ignore:easy_install command is deprecated setup.py egg_info --egg-base build/custom_control_key build --build-base /ros2_ws/src/custom_control_key/build/custom_control_key/build install --record /ros2_ws/src/custom_control_key/build/custom_control_key/install.log --single-version-externally-managed install_data
[1.186s] running egg_info
[1.187s] writing build/custom_control_key/custom_control_key.egg-info/PKG-INFO
[1.194s] writing dependency_links to build/custom_control_key/custom_control_key.egg-info/dependency_links.txt
[1.195s] writing entry points to build/custom_control_key/custom_control_key.egg-info/entry_points.txt
[1.196s] writing requirements to build/custom_control_key/custom_control_key.egg-info/requires.txt
[1.196s] writing top-level names to build/custom_control_key/custom_control_key.egg-info/top_level.txt
[1.201s] reading manifest file 'build/custom_control_key/custom_control_key.egg-info/SOURCES.txt'
[1.204s] writing manifest file 'build/custom_control_key/custom_control_key.egg-info/SOURCES.txt'
[1.204s] running build
[1.204s] running build_py
[1.206s] running install
[1.206s] running install_lib
[1.209s] running install_data
[1.212s] running install_egg_info
[1.215s] removing '/ros2_ws/src/custom_control_key/install/custom_control_key/lib/python3.10/site-packages/custom_control_key-0.0.0-py3.10.egg-info' (and everything under it)
[1.215s] Copying build/custom_control_key/custom_control_key.egg-info to /ros2_ws/src/custom_control_key/install/custom_control_key/lib/python3.10/site-packages/custom_control_key-0.0.0-py3.10.egg-info
[1.217s] running install_scripts
[1.249s] writing list of installed files to '/ros2_ws/src/custom_control_key/build/custom_control_key/install.log'
[1.320s] Invoked command in '/ros2_ws/src/custom_control_key' returned '0': PYTHONPATH=/ros2_ws/src/custom_control_key/build/custom_control_key/prefix_override:/usr/lib/python3/dist-packages/colcon_core/task/python/colcon_distutils_commands:/ros2_ws/src/custom_control_key/install/custom_control_key/lib/python3.10/site-packages:${PYTHONPATH} /usr/bin/python3 -W ignore:setup.py install is deprecated -W ignore:easy_install command is deprecated setup.py egg_info --egg-base build/custom_control_key build --build-base /ros2_ws/src/custom_control_key/build/custom_control_key/build install --record /ros2_ws/src/custom_control_key/build/custom_control_key/install.log --single-version-externally-managed install_data
